Component: ARM Compiler 5.05 update 2 (build 169) Tool: armlink [4d0f33]

==============================================================================

Section Cross References

    lab1-matmul.o(RESET) refers to lab1-matmul.o(globals) for ARR_R


==============================================================================

Image Symbol Table

    Local Symbols

    Symbol Name                              Value     Ov Type        Size  Object(Section)

    RESET                                    0x00000000   Section      296  lab1-matmul.o(RESET)
    lab1-matmul.s                            0x00000000   Number         0  lab1-matmul.o ABSOLUTE
    ARR_A                                    0x0000009c   Data          16  lab1-matmul.o(RESET)
    ARR_B                                    0x000000dc   Data          16  lab1-matmul.o(RESET)
    globals                                  0x40000000   Section       64  lab1-matmul.o(globals)
    ARR_R                                    0x40000000   Data          64  lab1-matmul.o(globals)

    Global Symbols

    Symbol Name                              Value     Ov Type        Size  Object(Section)

    BuildAttributes$$THM_ISAv1$ARM_ISAv4$S$PE$A:L22$X:L11$S22$IEEE1$IW$USESV6$~STKCKD$USESV7$~SHL$OSPACE$EBA8$STANDARDLIB$PRES8$EABIv2 0x00000000   Number         0  anon$$obj.o ABSOLUTE



==============================================================================

Memory Map of the image

  Image Entry point : 0x00000000

  Load Region LR_IROM1 (Base: 0x00000000, Size: 0x00000168, Max: 0x00080000, ABSOLUTE)

    Execution Region ER_IROM1 (Base: 0x00000000, Size: 0x00000128, Max: 0x00080000, ABSOLUTE)

    Base Addr    Size         Type   Attr      Idx    E Section Name        Object

    0x00000000   0x00000128   Code   RO            2  * RESET               lab1-matmul.o


    Execution Region RW_IRAM1 (Base: 0x40000000, Size: 0x00000040, Max: 0x00010000, ABSOLUTE, UNINIT)

    Base Addr    Size         Type   Attr      Idx    E Section Name        Object

    0x40000000   0x00000040   Data   RW            1    globals             lab1-matmul.o


==============================================================================

Image component sizes


      Code (inc. data)   RO Data    RW Data    ZI Data      Debug   Object Name

       296        140          0         64          0        276   lab1-matmul.o

    ----------------------------------------------------------------------
       296        140          0         64          0        276   Object Totals
         0          0          0          0          0          0   (incl. Generated)
         0          0          0          0          0          0   (incl. Padding)

    ----------------------------------------------------------------------
         0          0          0          0          0          0   Library Totals
         0          0          0          0          0          0   (incl. Padding)

    ----------------------------------------------------------------------

==============================================================================


      Code (inc. data)   RO Data    RW Data    ZI Data      Debug   

       296        140          0         64          0        276   Grand Totals
       296        140          0         64          0        276   ELF Image Totals
       296        140          0         64          0          0   ROM Totals

==============================================================================

    Total RO  Size (Code + RO Data)                  296 (   0.29kB)
    Total RW  Size (RW Data + ZI Data)                64 (   0.06kB)
    Total ROM Size (Code + RO Data + RW Data)        360 (   0.35kB)

==============================================================================

