Component: ARM Compiler 5.05 update 2 (build 169) Tool: armlink [4d0f33]

==============================================================================

Section Cross References

    lab4-countdown.o(RESET) refers to lab4-countdown.o(TestData) for time


==============================================================================

Image Symbol Table

    Local Symbols

    Symbol Name                              Value     Ov Type        Size  Object(Section)

    RESET                                    0x00000000   Section      620  lab4-countdown.o(RESET)
    lab4-countdown.s                         0x00000000   Number         0  lab4-countdown.o ABSOLUTE
    Timer_Handler                            0x00000168   ARM Code       0  lab4-countdown.o(RESET)
    Button_Handler                           0x000001cc   ARM Code       0  lab4-countdown.o(RESET)
    TestData                                 0x40000000   Section        4  lab4-countdown.o(TestData)
    time                                     0x40000000   Data           4  lab4-countdown.o(TestData)

    Global Symbols

    Symbol Name                              Value     Ov Type        Size  Object(Section)

    BuildAttributes$$THM_ISAv1$ARM_ISAv4$S$PE$A:L22$X:L11$S22$IEEE1$IW$USESV6$~STKCKD$USESV7$~SHL$OSPACE$EBA8$STANDARDLIB$EABIv2 0x00000000   Number         0  anon$$obj.o ABSOLUTE



==============================================================================

Memory Map of the image

  Image Entry point : 0x00000000

  Load Region LR_IROM1 (Base: 0x00000000, Size: 0x00000270, Max: 0x00080000, ABSOLUTE)

    Execution Region ER_IROM1 (Base: 0x00000000, Size: 0x0000026c, Max: 0x00080000, ABSOLUTE)

    Base Addr    Size         Type   Attr      Idx    E Section Name        Object

    0x00000000   0x0000026c   Code   RO            1  * RESET               lab4-countdown.o


    Execution Region RW_IRAM1 (Base: 0x40000000, Size: 0x00000004, Max: 0x00010000, ABSOLUTE, UNINIT)

    Base Addr    Size         Type   Attr      Idx    E Section Name        Object

    0x40000000   0x00000004   Data   RW            2    TestData            lab4-countdown.o


==============================================================================

Image component sizes


      Code (inc. data)   RO Data    RW Data    ZI Data      Debug   Object Name

       620         84          0          4          0        436   lab4-countdown.o

    ----------------------------------------------------------------------
       620         84          0          4          0        436   Object Totals
         0          0          0          0          0          0   (incl. Generated)
         0          0          0          0          0          0   (incl. Padding)

    ----------------------------------------------------------------------
         0          0          0          0          0          0   Library Totals
         0          0          0          0          0          0   (incl. Padding)

    ----------------------------------------------------------------------

==============================================================================


      Code (inc. data)   RO Data    RW Data    ZI Data      Debug   

       620         84          0          4          0        436   Grand Totals
       620         84          0          4          0        436   ELF Image Totals
       620         84          0          4          0          0   ROM Totals

==============================================================================

    Total RO  Size (Code + RO Data)                  620 (   0.61kB)
    Total RW  Size (RW Data + ZI Data)                 4 (   0.00kB)
    Total ROM Size (Code + RO Data + RW Data)        624 (   0.61kB)

==============================================================================

