Component: ARM Compiler 5.05 update 2 (build 169) Tool: armlink [4d0f33]

==============================================================================

Section Cross References



==============================================================================

Removing Unused input sections from the image.

    Removing lab2-subroutines.o(globals), (48 bytes).

1 unused section(s) (total 48 bytes) removed from the image.

==============================================================================

Image Symbol Table

    Local Symbols

    Symbol Name                              Value     Ov Type        Size  Object(Section)

    RESET                                    0x00000000   Section      624  lab2-subroutines.o(RESET)
    lab2-subroutines.s                       0x00000000   Number         0  lab2-subroutines.o ABSOLUTE
    ARR_A                                    0x000001c0   Data          16  lab2-subroutines.o(RESET)
    ARR_B                                    0x00000200   Data          16  lab2-subroutines.o(RESET)
    STR0                                     0x00000240   Data          19  lab2-subroutines.o(RESET)

    Global Symbols

    Symbol Name                              Value     Ov Type        Size  Object(Section)

    BuildAttributes$$THM_ISAv1$ARM_ISAv4$S$PE$A:L22$X:L11$S22$IEEE1$IW$USESV6$~STKCKD$USESV7$~SHL$OSPACE$EBA8$STANDARDLIB$EABIv2 0x00000000   Number         0  anon$$obj.o ABSOLUTE



==============================================================================

Memory Map of the image

  Image Entry point : 0x00000000

  Load Region LR_IROM1 (Base: 0x00000000, Size: 0x00000270, Max: 0x00080000, ABSOLUTE)

    Execution Region ER_IROM1 (Base: 0x00000000, Size: 0x00000270, Max: 0x00080000, ABSOLUTE)

    Base Addr    Size         Type   Attr      Idx    E Section Name        Object

    0x00000000   0x00000270   Code   RO            2  * RESET               lab2-subroutines.o


    Execution Region RW_IRAM1 (Base: 0x40000000, Size: 0x00000000, Max: 0x00010000, ABSOLUTE, UNINIT)

    **** No section assigned to this execution region ****


==============================================================================

Image component sizes


      Code (inc. data)   RO Data    RW Data    ZI Data      Debug   Object Name

       624        176          0          0          0        384   lab2-subroutines.o

    ----------------------------------------------------------------------
       624        176          0          0          0        384   Object Totals
         0          0          0          0          0          0   (incl. Generated)
         0          0          0          0          0          0   (incl. Padding)

    ----------------------------------------------------------------------
         0          0          0          0          0          0   Library Totals
         0          0          0          0          0          0   (incl. Padding)

    ----------------------------------------------------------------------

==============================================================================


      Code (inc. data)   RO Data    RW Data    ZI Data      Debug   

       624        176          0          0          0        384   Grand Totals
       624        176          0          0          0        384   ELF Image Totals
       624        176          0          0          0          0   ROM Totals

==============================================================================

    Total RO  Size (Code + RO Data)                  624 (   0.61kB)
    Total RW  Size (RW Data + ZI Data)                 0 (   0.00kB)
    Total ROM Size (Code + RO Data + RW Data)        624 (   0.61kB)

==============================================================================

